// Jest Snapshot v1, https://goo.gl/fbAQLP

exports[`HelloWorld.vue should have a custom title and match snapshot 1`] = `
<div class="form" title="Foobar">
  <v-flex xs10="" sm8="" md6="" lg5="">
    <v-card dark="">
      <div class="login__title">
        <h2>Cadastro</h2>
      </div>
      <v-snackbar timeout="4000" top="" right="" color="" class="my-15">
        <v-icon dark="" large="" class="pr-3">mdi-alert-circle-outline</v-icon>
        Atenção, os seguintes campos são obrigatórios:
        <div>

        </div>
      </v-snackbar>
      <v-form class="d-flex flex-column">
        <div>
          <v-text-field label="Título" value=""></v-text-field>
        </div>
        <div>
          <v-text-field label="Descrição" value=""></v-text-field>
        </div>
        <div>
          <v-select label="Grau de criticidade" items="low,min,high"></v-select>
        </div>
        <div>
          <v-select label="Tipo de vulnerabilidade" items="DAST,SAST,NETWORK"></v-select>
        </div>
        <v-file-input></v-file-input>
        <div>
          <v-text-field label="Solução proposta" value=""></v-text-field>
        </div>
        <div class="form__btn--group">
          <v-btn color="primary mt-10 mb-10" x-large="" class="form__btn">Salvar</v-btn>
          <v-btn color="primary mt-10 mb-10" x-large="" class="form__btn">Voltar</v-btn>
        </div>
      </v-form>
    </v-card>
  </v-flex>
</div>
`;

exports[`Register.vue should  1`] = `
<div class="form" label="Titulo">
  <div class="flex xs10 sm8 md6 lg5">
    <div class="v-card v-sheet theme--dark">
      <div class="login__title">
        <h2>Cadastro</h2>
      </div>
      <div class="v-snack my-15 v-snack--has-background v-snack--right v-snack--top">
        <transition-stub name="v-snack-transition">
          <div class="v-snack__wrapper v-sheet theme--dark" style="display: none;">
            <div role="status" aria-live="polite" class="v-snack__content"><i aria-hidden="true" class="v-icon notranslate pr-3 mdi mdi-alert-circle-outline theme--dark" style="font-size: 36px;"></i>
              Atenção, os seguintes campos são obrigatórios:
              <div>

              </div>
            </div>
            <div class="v-snack__action "></div>
          </div>
        </transition-stub>
      </div>
      <form novalidate="novalidate" class="v-form d-flex flex-column">
        <div>
          <div class="v-input theme--dark v-text-field">
            <div class="v-input__control">
              <div class="v-input__slot">
                <div class="v-text-field__slot"><label for="input-50" class="v-label theme--dark" style="left: 0px; position: absolute;">Título</label><input id="input-50" type="text"></div>
              </div>
              <div class="v-text-field__details">
                <div class="v-messages theme--dark">
                  <transition-group-stub tag="div" name="message-transition" class="v-messages__wrapper"></transition-group-stub>
                </div>
              </div>
            </div>
          </div>
        </div>
        <div>
          <div class="v-input theme--dark v-text-field">
            <div class="v-input__control">
              <div class="v-input__slot">
                <div class="v-text-field__slot"><label for="input-54" class="v-label theme--dark" style="left: 0px; position: absolute;">Descrição</label><input id="input-54" type="text"></div>
              </div>
              <div class="v-text-field__details">
                <div class="v-messages theme--dark">
                  <transition-group-stub tag="div" name="message-transition" class="v-messages__wrapper"></transition-group-stub>
                </div>
              </div>
            </div>
          </div>
        </div>
        <div>
          <div class="v-input theme--dark v-text-field v-select">
            <div class="v-input__control">
              <div role="button" aria-haspopup="listbox" aria-expanded="false" aria-owns="list-58" class="v-input__slot">
                <div class="v-select__slot"><label for="input-58" class="v-label theme--dark" style="left: 0px; position: absolute;">Grau de criticidade</label>
                  <div class="v-select__selections"><input id="input-58" readonly="readonly" type="text" aria-readonly="false" autocomplete="off"></div>
                  <div class="v-input__append-inner">
                    <div class="v-input__icon v-input__icon--append"><i aria-hidden="true" class="v-icon notranslate mdi mdi-menu-down theme--dark"></i></div>
                  </div><input type="hidden">
                </div>
                <div class="v-menu">
                  <!---->
                </div>
              </div>
              <div class="v-text-field__details">
                <div class="v-messages theme--dark">
                  <transition-group-stub tag="div" name="message-transition" class="v-messages__wrapper"></transition-group-stub>
                </div>
              </div>
            </div>
          </div>
        </div>
        <div>
          <div class="v-input theme--dark v-text-field v-select">
            <div class="v-input__control">
              <div role="button" aria-haspopup="listbox" aria-expanded="false" aria-owns="list-64" class="v-input__slot">
                <div class="v-select__slot"><label for="input-64" class="v-label theme--dark" style="left: 0px; position: absolute;">Tipo de vulnerabilidade</label>
                  <div class="v-select__selections"><input id="input-64" readonly="readonly" type="text" aria-readonly="false" autocomplete="off"></div>
                  <div class="v-input__append-inner">
                    <div class="v-input__icon v-input__icon--append"><i aria-hidden="true" class="v-icon notranslate mdi mdi-menu-down theme--dark"></i></div>
                  </div><input type="hidden">
                </div>
                <div class="v-menu">
                  <!---->
                </div>
              </div>
              <div class="v-text-field__details">
                <div class="v-messages theme--dark">
                  <transition-group-stub tag="div" name="message-transition" class="v-messages__wrapper"></transition-group-stub>
                </div>
              </div>
            </div>
          </div>
        </div>
        <div class="v-input theme--dark v-text-field v-file-input">
          <div class="v-input__prepend-outer">
            <div class="v-input__icon v-input__icon--prepend"><button type="button" aria-label="prepend icon" class="v-icon notranslate v-icon--link mdi mdi-paperclip theme--dark"></button></div>
          </div>
          <div class="v-input__control">
            <div class="v-input__slot">
              <div class="v-text-field__slot">
                <div class="v-file-input__text"></div><input id="input-69" type="file">
              </div>
              <div class="v-input__append-inner">
                <div></div>
              </div>
            </div>
            <div class="v-text-field__details">
              <div class="v-messages theme--dark">
                <transition-group-stub tag="div" name="message-transition" class="v-messages__wrapper"></transition-group-stub>
              </div>
            </div>
          </div>
        </div>
        <div>
          <div class="v-input theme--dark v-text-field">
            <div class="v-input__control">
              <div class="v-input__slot">
                <div class="v-text-field__slot"><label for="input-74" class="v-label theme--dark" style="left: 0px; position: absolute;">Solução proposta</label><input id="input-74" type="text"></div>
              </div>
              <div class="v-text-field__details">
                <div class="v-messages theme--dark">
                  <transition-group-stub tag="div" name="message-transition" class="v-messages__wrapper"></transition-group-stub>
                </div>
              </div>
            </div>
          </div>
        </div>
        <div class="form__btn--group"><button type="button" class="form__btn v-btn v-btn--is-elevated v-btn--has-bg theme--dark v-size--x-large primary mt-10 mb-10"><span class="v-btn__content">Salvar</span></button> <button type="button" class="form__btn v-btn v-btn--is-elevated v-btn--has-bg theme--dark v-size--x-large primary mt-10 mb-10"><span class="v-btn__content">Voltar</span></button></div>
      </form>
    </div>
  </div>
</div>
`;
